Running Gradle task 'assembleRelease'...                        
flutter : lib/app/settings/pages/backup/backup_settings
.page.dart:176:33: Error: Cannot invoke a non-'const' 
constructor where a const expression is expected.
En línea: 1 Carácter: 1
+ flutter build apk --release 2>&1 | Out-File 
-FilePath build_output.tx ...
+ ~~~~~~~~~~~~~~~~~~~~~~~~~~~~~~~~
    + CategoryInfo          : NotSpecified: (lib/app   
 /setting...on is expected.:String) [], RemoteExc    
eption
    + FullyQualifiedErrorId : NativeCommandError
 
Try using a constructor or factory that is 'const'.
                          const SnackbarParams('Datos 
reparados exitosamente. Reinicia la app.'),
                                ^^^^^^^^^^^^^^
Target kernel_snapshot_program failed: Exception


FAILURE: Build failed with an exception.

* What went wrong:
Execution failed for task 
':app:compileFlutterBuildRelease'.
> Process 'command 'C:\src\flutter\bin\flutter.bat'' 
finished with non-zero exit value 1

* Try:
> Run with --stacktrace option to get the stack trace.
> Run with --info or --debug option to get more log 
output.
> Run with --scan to get full insights.
> Get more help at https://help.gradle.org.

BUILD FAILED in 38s
Running Gradle task 'assembleRelease'...                           38.9s
Gradle task assembleRelease failed with exit code 1
